// Jest Snapshot v1, https://goo.gl/fbAQLP

exports[`App should render correctly 1`] = `
<div class="md-app md-app-side-drawer md-layout-row md-fixed md-theme-default">
  <main class="md-app-container md-flex md-layout-column md-theme-default md-scrollbar" style="padding-left: 0px;">
    <div class="md-toolbar md-app-toolbar md-layout md-alignment-center-center md-theme-default md-elevation-4" style="top: 0px;">
      <div class="md-layout-item md-size-40">
        <div class="md-field md-theme-default"><label for="md-input-zolfdnfyf">Search keyword(s)</label> <input type="text" id="md-input-zolfdnfyf" class="md-input"> <button type="button" class="md-button md-icon-button md-dense md-theme-default">
            <div class="md-ripple">
              <div class="md-button-content"><i class="md-icon md-icon-font md-theme-default">search</i></div>
            </div>
          </button>
          <!---->
          <!---->
          <!---->
        </div>
      </div>
    </div>
    <div class="md-app-scroller md-layout-column md-flex md-theme-default md-scrollbar">
      <div class="md-content md-app-content md-flex md-layout md-alignment-center-center md-theme-default">
        <div class="md-layout-item md-size-40">
          <div>
            <div>
              <div>
                <div class="image-card"><span class="image-background"><span><div role="placeholder" style="width: 100px; height: 100px;"></div></span></span></div>
              </div>
              <div>
                <div class="image-card"><span class="image-background"><span><div role="placeholder" style="width: 100px; height: 100px;"></div></span></span></div>
              </div>
              <div>
                <div class="image-card"><span class="image-background"><span><div role="placeholder" style="width: 100px; height: 100px;"></div></span></span></div>
              </div>
              <div>
                <div class="image-card"><span class="image-background"><span><div role="placeholder" style="width: 100px; height: 100px;"></div></span></span></div>
              </div>
              <div>
                <div class="image-card"><span class="image-background"><span><div role="placeholder" style="width: 100px; height: 100px;"></div></span></span></div>
              </div>
              <!---->
            </div>
            <div>
              <div>
                <div>
                  <div class="image-card"><span class="image-background"><div class="image-placeholder"><span class="image-placeholder-content"><div><div><i class="md-icon md-icon-font md-size-5x md-accent md-theme-default">error</i></div> <div><span class="error-message-text md-body-2">
            Something went wrong, try refreshing the page
          </span></div>
                </div></span>
              </div></span>
            </div>
          </div>
          <div>
            <div class="image-card"><span class="image-background"><div class="image-placeholder"><span class="image-placeholder-content"><div><div><i class="md-icon md-icon-font md-size-5x md-accent md-theme-default">error</i></div> <div><span class="error-message-text md-body-2">
            Something went wrong, try refreshing the page
          </span></div>
          </div></span>
        </div></span>
      </div>
    </div>
    <div>
      <div class="image-card"><span class="image-background"><div class="image-placeholder"><span class="image-placeholder-content"><div><div><i class="md-icon md-icon-font md-size-5x md-accent md-theme-default">error</i></div> <div><span class="error-message-text md-body-2">
            Something went wrong, try refreshing the page
          </span></div>
    </div></span>
</div></span></div>
</div>
<div>
  <div class="image-card"><span class="image-background"><div class="image-placeholder"><span class="image-placeholder-content"><div><div><i class="md-icon md-icon-font md-size-5x md-accent md-theme-default">error</i></div> <div><span class="error-message-text md-body-2">
            Something went wrong, try refreshing the page
          </span></div>
</div></span></div></span></div>
</div>
<div>
  <div class="image-card"><span class="image-background"><div class="image-placeholder"><span class="image-placeholder-content"><div><div><i class="md-icon md-icon-font md-size-5x md-accent md-theme-default">error</i></div> <div><span class="error-message-text md-body-2">
            Something went wrong, try refreshing the page
          </span></div>
</div></span></div></span></div>
</div>
<div>
  <div class="image-card"><span class="image-background"><div class="image-placeholder"><span class="image-placeholder-content"><div><div><i class="md-icon md-icon-font md-size-5x md-accent md-theme-default">error</i></div> <div><span class="error-message-text md-body-2">
            Something went wrong, try refreshing the page
          </span></div>
</div></span></div></span></div>
</div>
<div>
  <div class="image-card"><span class="image-background"><div class="image-placeholder"><span class="image-placeholder-content"><div><div><i class="md-icon md-icon-font md-size-5x md-accent md-theme-default">error</i></div> <div><span class="error-message-text md-body-2">
            Something went wrong, try refreshing the page
          </span></div>
</div></span></div></span></div>
</div>
<div>
  <div class="image-card"><span class="image-background"><div class="image-placeholder"><span class="image-placeholder-content"><div><div><i class="md-icon md-icon-font md-size-5x md-accent md-theme-default">error</i></div> <div><span class="error-message-text md-body-2">
            Something went wrong, try refreshing the page
          </span></div>
</div></span></div></span></div>
</div>
<div>
  <div class="image-card"><span class="image-background"><div class="image-placeholder"><span class="image-placeholder-content"><div><div><i class="md-icon md-icon-font md-size-5x md-accent md-theme-default">error</i></div> <div><span class="error-message-text md-body-2">
            Something went wrong, try refreshing the page
          </span></div>
</div></span></div></span></div>
</div>
<div>
  <div class="image-card"><span class="image-background"><div class="image-placeholder"><span class="image-placeholder-content"><div><div><i class="md-icon md-icon-font md-size-5x md-accent md-theme-default">error</i></div> <div><span class="error-message-text md-body-2">
            Something went wrong, try refreshing the page
          </span></div>
</div></span></div></span></div>
</div>
</div>
</div>
<div>
  <div>
    <div>
      <div class="image-card"><span class="image-background"><div class="image-placeholder"><span class="image-placeholder-content"></span></div></span>
    </div>
  </div>
  <div>
    <div class="image-card"><span class="image-background"><div class="image-placeholder"><span class="image-placeholder-content"></span></div></span>
  </div>
</div>
<div>
  <div class="image-card"><span class="image-background"><div class="image-placeholder"><span class="image-placeholder-content"></span></div></span>
</div>
</div>
<div>
  <div class="image-card"><span class="image-background"><div class="image-placeholder"><span class="image-placeholder-content"></span></div></span>
</div>
</div>
<div>
  <div class="image-card"><span class="image-background"><div class="image-placeholder"><span class="image-placeholder-content"></span></div></span>
</div>
</div>
<div>
  <div class="image-card"><span class="image-background"><div class="image-placeholder"><span class="image-placeholder-content"></span></div></span>
</div>
</div>
<div>
  <div class="image-card"><span class="image-background"><div class="image-placeholder"><span class="image-placeholder-content"></span></div></span>
</div>
</div>
<div>
  <div class="image-card"><span class="image-background"><div class="image-placeholder"><span class="image-placeholder-content"></span></div></span>
</div>
</div>
<div>
  <div class="image-card"><span class="image-background"><div class="image-placeholder"><span class="image-placeholder-content"></span></div></span>
</div>
</div>
<div>
  <div class="image-card"><span class="image-background"><div class="image-placeholder"><span class="image-placeholder-content"></span></div></span>
</div>
</div>
</div>
</div>
<div>
  <div role="scroll-end-tracker" class="scroll-end-tracker"></div>
</div>
</div>
</div>
</div>
</div>
</main>
</div>
`;
